Archive member included because of file (symbol)

c:/gnu tools arm embedded/4.8 2013q4/bin/../lib/gcc/arm-none-eabi/4.8.3/armv6-m\libgcc.a(_udivsi3.o)
                              ..\obj\stm32f0xx_rcc.o (__aeabi_uidiv)
c:/gnu tools arm embedded/4.8 2013q4/bin/../lib/gcc/arm-none-eabi/4.8.3/armv6-m\libgcc.a(_dvmd_tls.o)
                              c:/gnu tools arm embedded/4.8 2013q4/bin/../lib/gcc/arm-none-eabi/4.8.3/armv6-m\libgcc.a(_udivsi3.o) (__aeabi_idiv0)

Allocating common symbols
Common symbol       size              file

Gp                  0x8               ..\obj\main.o

Discarded input sections

 .text          0x00000000        0x0 ..\obj\stm32f0xx_rcc.o
 .data          0x00000000       0x10 ..\obj\stm32f0xx_rcc.o
 .bss           0x00000000        0x0 ..\obj\stm32f0xx_rcc.o
 .text.RCC_DeInit
                0x00000000       0x88 ..\obj\stm32f0xx_rcc.o
 .text.RCC_HSEConfig
                0x00000000       0x24 ..\obj\stm32f0xx_rcc.o
 .text.RCC_WaitForHSEStartUp
                0x00000000       0x60 ..\obj\stm32f0xx_rcc.o
 .text.RCC_AdjustHSICalibrationValue
                0x00000000       0x3c ..\obj\stm32f0xx_rcc.o
 .text.RCC_HSICmd
                0x00000000       0x38 ..\obj\stm32f0xx_rcc.o
 .text.RCC_AdjustHSI14CalibrationValue
                0x00000000       0x3c ..\obj\stm32f0xx_rcc.o
 .text.RCC_HSI14Cmd
                0x00000000       0x38 ..\obj\stm32f0xx_rcc.o
 .text.RCC_HSI14ADCRequestCmd
                0x00000000       0x38 ..\obj\stm32f0xx_rcc.o
 .text.RCC_LSEConfig
                0x00000000       0x38 ..\obj\stm32f0xx_rcc.o
 .text.RCC_LSEDriveConfig
                0x00000000       0x2c ..\obj\stm32f0xx_rcc.o
 .text.RCC_LSICmd
                0x00000000       0x38 ..\obj\stm32f0xx_rcc.o
 .text.RCC_PLLConfig
                0x00000000       0x34 ..\obj\stm32f0xx_rcc.o
 .text.RCC_PLLCmd
                0x00000000       0x40 ..\obj\stm32f0xx_rcc.o
 .text.RCC_PREDIV1Config
                0x00000000       0x34 ..\obj\stm32f0xx_rcc.o
 .text.RCC_ClockSecuritySystemCmd
                0x00000000       0x40 ..\obj\stm32f0xx_rcc.o
 .text.RCC_MCOConfig
                0x00000000       0x20 ..\obj\stm32f0xx_rcc.o
 .text.RCC_SYSCLKConfig
                0x00000000       0x34 ..\obj\stm32f0xx_rcc.o
 .text.RCC_GetSYSCLKSource
                0x00000000       0x1c ..\obj\stm32f0xx_rcc.o
 .text.RCC_HCLKConfig
                0x00000000       0x34 ..\obj\stm32f0xx_rcc.o
 .text.RCC_PCLKConfig
                0x00000000       0x38 ..\obj\stm32f0xx_rcc.o
 .text.RCC_ADCCLKConfig
                0x00000000       0x50 ..\obj\stm32f0xx_rcc.o
 .text.RCC_CECCLKConfig
                0x00000000       0x2c ..\obj\stm32f0xx_rcc.o
 .text.RCC_I2CCLKConfig
                0x00000000       0x2c ..\obj\stm32f0xx_rcc.o
 .text.RCC_USARTCLKConfig
                0x00000000       0x2c ..\obj\stm32f0xx_rcc.o
 .text.RCC_GetClocksFreq
                0x00000000      0x1cc ..\obj\stm32f0xx_rcc.o
 .text.RCC_RTCCLKConfig
                0x00000000       0x20 ..\obj\stm32f0xx_rcc.o
 .text.RCC_RTCCLKCmd
                0x00000000       0x40 ..\obj\stm32f0xx_rcc.o
 .text.RCC_BackupResetCmd
                0x00000000       0x40 ..\obj\stm32f0xx_rcc.o
 .text.RCC_APB2PeriphClockCmd
                0x00000000       0x3c ..\obj\stm32f0xx_rcc.o
 .text.RCC_APB1PeriphClockCmd
                0x00000000       0x3c ..\obj\stm32f0xx_rcc.o
 .text.RCC_AHBPeriphResetCmd
                0x00000000       0x3c ..\obj\stm32f0xx_rcc.o
 .text.RCC_APB2PeriphResetCmd
                0x00000000       0x3c ..\obj\stm32f0xx_rcc.o
 .text.RCC_APB1PeriphResetCmd
                0x00000000       0x3c ..\obj\stm32f0xx_rcc.o
 .text.RCC_ITConfig
                0x00000000       0x50 ..\obj\stm32f0xx_rcc.o
 .text.RCC_GetFlagStatus
                0x00000000       0x90 ..\obj\stm32f0xx_rcc.o
 .text.RCC_ClearFlag
                0x00000000       0x1c ..\obj\stm32f0xx_rcc.o
 .text.RCC_GetITStatus
                0x00000000       0x44 ..\obj\stm32f0xx_rcc.o
 .text.RCC_ClearITPendingBit
                0x00000000       0x20 ..\obj\stm32f0xx_rcc.o
 .text          0x00000000        0x0 ..\obj\main.o
 .data          0x00000000        0x0 ..\obj\main.o
 .bss           0x00000000        0x0 ..\obj\main.o
 .text          0x00000000       0x14 ..\obj\startup_stm32f0xx.o
 .data          0x00000000        0x0 ..\obj\startup_stm32f0xx.o
 .bss           0x00000000        0x0 ..\obj\startup_stm32f0xx.o
 .text          0x00000000        0x0 ..\obj\system_stm32f0xx_temp.o
 .data          0x00000000       0x14 ..\obj\system_stm32f0xx_temp.o
 .bss           0x00000000        0x0 ..\obj\system_stm32f0xx_temp.o
 .text.SystemCoreClockUpdate1
                0x00000000       0xd0 ..\obj\system_stm32f0xx_temp.o
 .text          0x00000000        0x0 ..\obj\stm32f0xx_gpio.o
 .data          0x00000000        0x0 ..\obj\stm32f0xx_gpio.o
 .bss           0x00000000        0x0 ..\obj\stm32f0xx_gpio.o
 .text.GPIO_DeInit
                0x00000000       0xc8 ..\obj\stm32f0xx_gpio.o
 .text.GPIO_StructInit
                0x00000000       0x30 ..\obj\stm32f0xx_gpio.o
 .text.GPIO_PinLockConfig
                0x00000000       0x44 ..\obj\stm32f0xx_gpio.o
 .text.GPIO_ReadInputData
                0x00000000       0x18 ..\obj\stm32f0xx_gpio.o
 .text.GPIO_ReadOutputDataBit
                0x00000000       0x48 ..\obj\stm32f0xx_gpio.o
 .text.GPIO_ReadOutputData
                0x00000000       0x18 ..\obj\stm32f0xx_gpio.o
 .text.GPIO_WriteBit
                0x00000000       0x30 ..\obj\stm32f0xx_gpio.o
 .text.GPIO_Write
                0x00000000       0x1c ..\obj\stm32f0xx_gpio.o
 .text.GPIO_PinAFConfig
                0x00000000       0x9c ..\obj\stm32f0xx_gpio.o
 .text          0x00000000       0x9c c:/gnu tools arm embedded/4.8 2013q4/bin/../lib/gcc/arm-none-eabi/4.8.3/armv6-m\libgcc.a(_udivsi3.o)
 .data          0x00000000        0x0 c:/gnu tools arm embedded/4.8 2013q4/bin/../lib/gcc/arm-none-eabi/4.8.3/armv6-m\libgcc.a(_udivsi3.o)
 .bss           0x00000000        0x0 c:/gnu tools arm embedded/4.8 2013q4/bin/../lib/gcc/arm-none-eabi/4.8.3/armv6-m\libgcc.a(_udivsi3.o)
 .debug_frame   0x00000000       0x20 c:/gnu tools arm embedded/4.8 2013q4/bin/../lib/gcc/arm-none-eabi/4.8.3/armv6-m\libgcc.a(_udivsi3.o)
 .ARM.attributes
                0x00000000       0x1e c:/gnu tools arm embedded/4.8 2013q4/bin/../lib/gcc/arm-none-eabi/4.8.3/armv6-m\libgcc.a(_udivsi3.o)
 .text          0x00000000        0x4 c:/gnu tools arm embedded/4.8 2013q4/bin/../lib/gcc/arm-none-eabi/4.8.3/armv6-m\libgcc.a(_dvmd_tls.o)
 .data          0x00000000        0x0 c:/gnu tools arm embedded/4.8 2013q4/bin/../lib/gcc/arm-none-eabi/4.8.3/armv6-m\libgcc.a(_dvmd_tls.o)
 .bss           0x00000000        0x0 c:/gnu tools arm embedded/4.8 2013q4/bin/../lib/gcc/arm-none-eabi/4.8.3/armv6-m\libgcc.a(_dvmd_tls.o)
 .ARM.attributes
                0x00000000       0x1e c:/gnu tools arm embedded/4.8 2013q4/bin/../lib/gcc/arm-none-eabi/4.8.3/armv6-m\libgcc.a(_dvmd_tls.o)

Memory Configuration

Name             Origin             Length             Attributes
rom              0x08000000         0x00010000         xr
ram              0x20000000         0x00002000         xrw
*default*        0x00000000         0xffffffff

Linker script and memory map

                0x20002000                _eram = 0x20002000

.text           0x08000000      0x544
 *(.isr_vector)
 .isr_vector    0x08000000       0xc4 ..\obj\startup_stm32f0xx.o
                0x08000000                g_pfnVectors
 *(.text*)
 .text.RCC_AHBPeriphClockCmd
                0x080000c4       0x3c ..\obj\stm32f0xx_rcc.o
                0x080000c4                RCC_AHBPeriphClockCmd
 .text.main     0x08000100       0xd0 ..\obj\main.o
                0x08000100                main
 .text.Reset_Handler
                0x080001d0       0x4c ..\obj\startup_stm32f0xx.o
                0x080001d0                Reset_Handler
 .text.Default_Handler
                0x0800021c        0x2 ..\obj\startup_stm32f0xx.o
                0x0800021c                TIM1_CC_IRQHandler
                0x0800021c                HardFault_Handler
                0x0800021c                ADC1_COMP_IRQHandler
                0x0800021c                SysTick_Handler
                0x0800021c                PVD_IRQHandler
                0x0800021c                PendSV_Handler
                0x0800021c                NMI_Handler
                0x0800021c                I2C1_IRQHandler
                0x0800021c                SPI1_IRQHandler
                0x0800021c                TIM6_DAC_IRQHandler
                0x0800021c                EXTI2_3_IRQHandler
                0x0800021c                I2C2_IRQHandler
                0x0800021c                TIM17_IRQHandler
                0x0800021c                RTC_IRQHandler
                0x0800021c                TIM16_IRQHandler
                0x0800021c                TIM3_IRQHandler
                0x0800021c                EXTI4_15_IRQHandler
                0x0800021c                RCC_IRQHandler
                0x0800021c                DMA1_Channel1_IRQHandler
                0x0800021c                Default_Handler
                0x0800021c                CEC_IRQHandler
                0x0800021c                TIM14_IRQHandler
                0x0800021c                DMA1_Channel4_5_IRQHandler
                0x0800021c                TIM15_IRQHandler
                0x0800021c                EXTI0_1_IRQHandler
                0x0800021c                SPI2_IRQHandler
                0x0800021c                SVC_Handler
                0x0800021c                TS_IRQHandler
                0x0800021c                WWDG_IRQHandler
                0x0800021c                TIM2_IRQHandler
                0x0800021c                DMA1_Channel2_3_IRQHandler
                0x0800021c                USART2_IRQHandler
                0x0800021c                FLASH_IRQHandler
                0x0800021c                USART1_IRQHandler
                0x0800021c                TIM1_BRK_UP_TRG_COM_IRQHandler
 *fill*         0x0800021e        0x2 
 .text.SystemInit1
                0x08000220       0x8c ..\obj\system_stm32f0xx_temp.o
                0x08000220                SystemInit
                0x08000220                SystemInit1
 .text.SetSysClock1
                0x080002ac       0xe0 ..\obj\system_stm32f0xx_temp.o
                0x080002ac                SetSysClock
 .text.GPIO_Init
                0x0800038c      0x138 ..\obj\stm32f0xx_gpio.o
                0x0800038c                GPIO_Init
 .text.GPIO_ReadInputDataBit
                0x080004c4       0x48 ..\obj\stm32f0xx_gpio.o
                0x080004c4                GPIO_ReadInputDataBit
 .text.GPIO_SetBits
                0x0800050c       0x1c ..\obj\stm32f0xx_gpio.o
                0x0800050c                GPIO_SetBits
 .text.GPIO_ResetBits
                0x08000528       0x1c ..\obj\stm32f0xx_gpio.o
                0x08000528                GPIO_ResetBits
 *(.init)
 *(.fini)
 *crtbegin.o(.ctors)
 *crtbegin?.o(.ctors)
 *(EXCLUDE_FILE(*crtend.o *crtend?.o) .ctors)
 *(SORT(.ctors.*))
 *(.ctors)
 *crtbegin.o(.dtors)
 *crtbegin?.o(.dtors)
 *(EXCLUDE_FILE(*crtend.o *crtend?.o) .dtors)
 *(SORT(.dtors.*))
 *(.dtors)
 *(.rodata*)
 *(.eh_fram e*)

.glue_7         0x08000544        0x0
 .glue_7        0x00000000        0x0 linker stubs

.glue_7t        0x08000544        0x0
 .glue_7t       0x00000000        0x0 linker stubs

.vfp11_veneer   0x08000544        0x0
 .vfp11_veneer  0x00000000        0x0 linker stubs

.v4_bx          0x08000544        0x0
 .v4_bx         0x00000000        0x0 linker stubs

.iplt           0x08000544        0x0
 .iplt          0x00000000        0x0 ..\obj\stm32f0xx_rcc.o

.rel.dyn        0x08000544        0x0
 .rel.iplt      0x00000000        0x0 ..\obj\stm32f0xx_rcc.o

.ARM.extab
 *(.ARM.extab* .gnu.linkonce.armextab.*)
                0x08000544                __exidx_start = .

.ARM.exidx
 *(.ARM.exidx* .gnu.linkonce.armexidx.*)
                0x08000544                __exidx_end = .
                0x08000544                __etext = .
                0x08000544                _sidata = __etext

.data           0x20000000        0x0 load address 0x08000544
                0x20000000                __data_start__ = .
                0x20000000                _sdata = __data_start__
 *(vtable)
 *(.data*)
                0x20000000                . = ALIGN (0x4)
                0x20000000                PROVIDE (__preinit_array_start, .)
 *(.preinit_array)
                0x20000000                PROVIDE (__preinit_array_end, .)
                0x20000000                . = ALIGN (0x4)
                0x20000000                PROVIDE (__init_array_start, .)
 *(SORT(.init_array.*))
 *(.init_array)
                0x20000000                PROVIDE (__init_array_end, .)
                0x20000000                . = ALIGN (0x4)
                0x20000000                PROVIDE (__fini_array_start, .)
 *(SORT(.fini_array.*))
 *(.fini_array)
                0x20000000                PROVIDE (__fini_array_end, .)
 *(.jcr*)
                0x20000000                . = ALIGN (0x4)
                0x20000000                __data_end__ = .
                0x20000000                _edata = __data_end__

.igot.plt       0x20000000        0x0
 .igot.plt      0x00000000        0x0 ..\obj\stm32f0xx_rcc.o

.bss            0x20000000        0x8
                0x20000000                . = ALIGN (0x4)
                0x20000000                __bss_start__ = .
                0x20000000                _sbss = __bss_start__
 *(.bss*)
 *(COMMON)
 COMMON         0x20000000        0x8 ..\obj\main.o
                0x20000000                Gp
                0x20000008                . = ALIGN (0x4)
                0x20000008                __bss_end__ = .
                0x20000008                _ebss = __bss_end__

.heap           0x20000008        0x0
                0x20000008                __end__ = .
                0x20000008                _end = __end__
                0x20000008                end = __end__
 *(.heap*)
                0x20000008                __HeapLimit = .

.co_stack       0x20000008        0x0
                0x20000008                . = ALIGN (0x8)
 *(.co_stack .co_stack.*)
                0x20002000                __StackTop = (ORIGIN (ram) + 0x2000)
                0x20002000                __StackLimit = (__StackTop - SIZEOF (.co_stack))
                0x20002000                PROVIDE (__stack, __StackTop)
                0x00000001                ASSERT ((__StackLimit >= __HeapLimit), region ram  overflowed with stack)
LOAD ..\obj\stm32f0xx_rcc.o
LOAD ..\obj\main.o
LOAD ..\obj\startup_stm32f0xx.o
LOAD ..\obj\system_stm32f0xx_temp.o
LOAD ..\obj\stm32f0xx_gpio.o
START GROUP
LOAD c:/gnu tools arm embedded/4.8 2013q4/bin/../lib/gcc/arm-none-eabi/4.8.3/armv6-m\libgcc.a
LOAD c:/gnu tools arm embedded/4.8 2013q4/bin/../lib/gcc/arm-none-eabi/4.8.3/../../../../arm-none-eabi/lib/armv6-m\libg.a
LOAD c:/gnu tools arm embedded/4.8 2013q4/bin/../lib/gcc/arm-none-eabi/4.8.3/../../../../arm-none-eabi/lib/armv6-m\libc.a
END GROUP
OUTPUT(STM32F0-GPIO.elf elf32-littlearm)

.debug_info     0x00000000     0x15be
 .debug_info    0x00000000      0x979 ..\obj\stm32f0xx_rcc.o
 .debug_info    0x00000979      0x2b1 ..\obj\main.o
 .debug_info    0x00000c2a      0x118 ..\obj\startup_stm32f0xx.o
 .debug_info    0x00000d42      0x2ce ..\obj\system_stm32f0xx_temp.o
 .debug_info    0x00001010      0x5ae ..\obj\stm32f0xx_gpio.o

.debug_abbrev   0x00000000      0x5ce
 .debug_abbrev  0x00000000      0x1ec ..\obj\stm32f0xx_rcc.o
 .debug_abbrev  0x000001ec      0x101 ..\obj\main.o
 .debug_abbrev  0x000002ed       0x12 ..\obj\startup_stm32f0xx.o
 .debug_abbrev  0x000002ff      0x134 ..\obj\system_stm32f0xx_temp.o
 .debug_abbrev  0x00000433      0x19b ..\obj\stm32f0xx_gpio.o

.debug_aranges  0x00000000      0x248
 .debug_aranges
                0x00000000      0x150 ..\obj\stm32f0xx_rcc.o
 .debug_aranges
                0x00000150       0x20 ..\obj\main.o
 .debug_aranges
                0x00000170       0x28 ..\obj\startup_stm32f0xx.o
 .debug_aranges
                0x00000198       0x30 ..\obj\system_stm32f0xx_temp.o
 .debug_aranges
                0x000001c8       0x80 ..\obj\stm32f0xx_gpio.o

.debug_ranges   0x00000000      0x200
 .debug_ranges  0x00000000      0x140 ..\obj\stm32f0xx_rcc.o
 .debug_ranges  0x00000140       0x10 ..\obj\main.o
 .debug_ranges  0x00000150       0x20 ..\obj\startup_stm32f0xx.o
 .debug_ranges  0x00000170       0x20 ..\obj\system_stm32f0xx_temp.o
 .debug_ranges  0x00000190       0x70 ..\obj\stm32f0xx_gpio.o

.debug_line     0x00000000      0xc67
 .debug_line    0x00000000      0x52c ..\obj\stm32f0xx_rcc.o
 .debug_line    0x0000052c      0x1df ..\obj\main.o
 .debug_line    0x0000070b       0xe3 ..\obj\startup_stm32f0xx.o
 .debug_line    0x000007ee      0x172 ..\obj\system_stm32f0xx_temp.o
 .debug_line    0x00000960      0x307 ..\obj\stm32f0xx_gpio.o

.debug_str      0x00000000      0xb66
 .debug_str     0x00000000      0x6b4 ..\obj\stm32f0xx_rcc.o
                                0x733 (size before relaxing)
 .debug_str     0x000006b4      0x20d ..\obj\main.o
                                0x33f (size before relaxing)
 .debug_str     0x000008c1       0xe2 ..\obj\system_stm32f0xx_temp.o
                                0x2aa (size before relaxing)
 .debug_str     0x000009a3      0x1c3 ..\obj\stm32f0xx_gpio.o
                                0x49a (size before relaxing)

.comment        0x00000000       0x70
 .comment       0x00000000       0x70 ..\obj\stm32f0xx_rcc.o
                                 0x71 (size before relaxing)
 .comment       0x00000000       0x71 ..\obj\main.o
 .comment       0x00000000       0x71 ..\obj\system_stm32f0xx_temp.o
 .comment       0x00000000       0x71 ..\obj\stm32f0xx_gpio.o

.ARM.attributes
                0x00000000       0x2f
 .ARM.attributes
                0x00000000       0x31 ..\obj\stm32f0xx_rcc.o
 .ARM.attributes
                0x00000031       0x31 ..\obj\main.o
 .ARM.attributes
                0x00000062       0x21 ..\obj\startup_stm32f0xx.o
 .ARM.attributes
                0x00000083       0x31 ..\obj\system_stm32f0xx_temp.o
 .ARM.attributes
                0x000000b4       0x31 ..\obj\stm32f0xx_gpio.o

.debug_frame    0x00000000      0x730
 .debug_frame   0x00000000      0x4e4 ..\obj\stm32f0xx_rcc.o
 .debug_frame   0x000004e4       0x30 ..\obj\main.o
 .debug_frame   0x00000514       0x6c ..\obj\system_stm32f0xx_temp.o
 .debug_frame   0x00000580      0x1b0 ..\obj\stm32f0xx_gpio.o
